// Jest Snapshot v1, https://goo.gl/fbAQLP

exports[`Home renders the file upload input 1`] = `
<div>
  <div
    class="flex flex-row items-center justify-center h-screen"
  >
    <div
      class="mr-6"
    >
      Upload a CS:GO match data file to have it analyzed.
    </div>
    <input
      accept=".txt"
      id="fileInput"
      role="fileInput"
      type="file"
    />
  </div>
</div>
`;
